To honour the JVM settings for this build a single-use Daemon process will be forked. For more on this, please refer to https://docs.gradle.org/9.4.1/userguide/gradle_daemon.html#sec:disabling_the_daemon in the Gradle documentation.
Daemon will be stopped at the end of the build 
> Task :common:generateEffectiveLombokConfig UP-TO-DATE
> Task :common:compileJava UP-TO-DATE
> Task :offering-service:generateEffectiveLombokConfig UP-TO-DATE

> Task :offering-service:compileJava FAILED
./gradlew : C:\Users\campus2H060\Desktop\Final\Backend\offering-service\s
rc\main\java\com\hanaro\offeringservice\service\OfferingService.java:84: 
error: reached end of file while parsing
위치 줄:1 문자:1
+ ./gradlew :offering-service:compileJava --no-daemon > build_error.log .
..
+ ~~~~~~~~~~~~~~~~~~~~~~~~~~~~~~~~~~~~~~~~~~~~~~~~~~~~~~~~~~~~~~~~~~~~~
    + CategoryInfo          : NotSpecified: (C:\Users\campus...e while p 
   arsing:String) [], RemoteException
    + FullyQualifiedErrorId : NativeCommandError
 
    }
     ^
1 error

[Incubating] Problems report is available at: file:///C:/Users/campus2H060/Desktop/Final/Backend/build/reports/problems/problems-report.html

FAILURE: Build failed with an exception.

* What went wrong:
Execution failed for task ':offering-service:compileJava'.
> Compilation failed; see the compiler output below.
  C:\Users\campus2H060\Desktop\Final\Backend\offering-service\src\main\ja
va\com\hanaro\offeringservice\service\OfferingService.java:84: error: rea
ched end of file while parsing
      }
       ^
  1 error

* Try:
> Check your code and dependencies to fix the compilation error(s)
> Run with --scan to get full insights from a Build Scan (powered by Deve
locity).

BUILD FAILED in 15s
4 actionable tasks: 1 executed, 3 up-to-date
